
> frontend@0.0.0 build
> vite build

[36mvite v8.0.1 [32mbuilding client environment for production...[36m[39m
[2K
transforming...✓ 2153 modules transformed.
node.exe : [31m✗[39m 
Build failed in 418ms
At line:1 char:1
+ & "C:\Program 
Files\nodejs/node.exe" 
"C:\Program 
Files\nodejs/node_mo ...
+ ~~~~~~~~~~~~~~~~~~~~~~~~~
~~~~~~~~~~~~~~~~~~~~~~~~~~~
~~~~~~~~~~~~~~~~~
    + CategoryInfo         
     : NotSpecified: ([3  
  1m✗[39m Build failed    
 in 418ms:String) [], R    
emoteException
    + FullyQualifiedErrorI 
   d : NativeCommandError
 
[31merror during build:
[31mBuild failed with 1 
error:

[31m[builtin:vite-transfor
m] Error:[0m Invalid 
Character `¨`
     [38;5;246m╭[0m[38;5
;246m─[0m[38;5;246m[[0m 
src/services/api.js:261:3 
[38;5;246m][0m
     [38;5;246m│[0m
 [38;5;246m261 │[0m [38;
5;249m}[0m[38;5;249m;[0m
¨[38;5;249m¾[0m[38;5;249
mà[0m[38;5;249m¨[0m[38;
5;249m£[0m[38;5;249mà[0m
[38;5;249m©[0m[38;5;249m
€[0m[38;5;249m [0m[38;5
;249mà[0m[38;5;249m¨[0m
[38;5;249m¦[0m[38;5;249mà
[0m[38;5;249m©[0m[38;5;
249m‡[0m[38;5;249mà[0m[
38;5;249m¨[0m[38;5;249m£
[0m[38;5;249mà[0m[38;5;2
49m¨[0m[38;5;249m¾[0m[3
8;5;249m [0m[38;5;249mà[
0m[38;5;249m¨[0m[38;5;24
9m…[0m[38;5;249mà[0m[38
;5;249m¨[0m[38;5;249m¤[0
m[38;5;249mà[0m[38;5;249
m©[0m[38;5;249m‡[0m[38;
5;249m [0m[38;5;249mà[0m
[38;5;249m¨[0m[38;5;249m
•[0m[38;5;249mà[0m[38;5
;249m©[0m[38;5;249m€[0m
[38;5;249mà[0m[38;5;249m©
[0m[38;5;249mœ[0m[38;5;
249mà[0m[38;5;249m©[0m[
38;5;249m‡[0m[38;5;249m-
[0m[38;5;249mà[0m[38;5;2
49m¨[0m[38;5;249m®[0m[3
8;5;249mà[0m[38;5;249m¨[
0m[38;5;249m•[0m[38;5;24
9mà[0m[38;5;249m©[0m[38
;5;249mŒ[0m[38;5;249mà[0
m[38;5;249m©[0m[38;5;249
mœ[0m[38;5;249mà[0m[38;
5;249m¨[0m[38;5;249m¿[0m
[38;5;249mà[0m[38;5;249m
¨[0m[38;5;249m†[0m[38;5
;249mà[0m[38;5;249m¨[0m
[38;5;249m‚[0m[38;5;249m 
[0m[38;5;249mà[0m[38;5;
249m¨[0m[38;5;249m¦[0m[
38;5;249mà[0m[38;5;249m©
[0m[38;5;249m€[0m[38;5;2
49m [0m[38;5;249mà[0m[3
8;5;249m¨[0m[38;5;249m°[
0m[38;5;249mà[0m[38;5;24
9m©[0m[38;5;249m‹[0m[38
;5;249mà[0m[38;5;249m¨[0
m[38;5;249m•[0m[38;5;249
mà[0m[38;5;249m¨[0m[38;
5;249m¥[0m[38;5;249mà[0m
[38;5;249m¨[0m[38;5;249m
¾[0m[38;5;249mà[0m[38;5
;249m¨[0m[38;5;249m®[0m
[38;5;249m [0m[38;5;249mà
[0m[38;5;249m¨[0m[38;5;
249m¯[0m[38;5;249mà[0m[
38;5;249m¨[0m[38;5;249m•
[0m[38;5;249mà[0m[38;5;2
49m©[0m[38;5;249m€[0m[3
8;5;249mà[0m[38;5;249m¨[
0m[38;5;249m¨[0m[38;5;24
9mà[0m[38;5;249m©[0m[38
;5;249m€[0m[38;5;249m [0
m[38;5;249mà[0m[38;5;249
m¨[0m[38;5;249m¬[0m[38;
5;249mà[0m[38;5;249m¨[0m
[38;5;249m£[0m[38;5;249m
à[0m[38;5;249m¨[0m[38;5
;249m¾[0m[38;5;249mà[0m
[38;5;249m¨[0m[38;5;249m“
[0m[38;5;249mà[0m[38;5;
249m¥[0m[38;5;249m¤[0m[
38;5;249m [0m[38;5;249mà
[0m[38;5;249m¨[0m[38;5;2
49m¹[0m[38;5;249mà[0m[3
8;5;249m©[0m[38;5;249m‹[
0m[38;5;249mà[0m[38;5;24
9m¨[0m[38;5;249m°[0m[38
;5;249m [0m[38;5;249mà[0
m[38;5;249m¨[0m[38;5;249
mœ[0m[38;5;249mà[0m[38;
5;249m¨[0m[38;5;249m¾[0m
[38;5;249mà[0m[38;5;249m
¨[0m[38;5;249m£[0m[38;5
;249mà[0m[38;5;249m¨[0m
[38;5;249m•[0m[38;5;249mà
[0m[38;5;249m¨[0m[38;5;
249m¾[0m[38;5;249mà[0m[
38;5;249m¨[0m[38;5;249m°
[0m[38;5;249mà[0m[38;5;2
49m©[0m[38;5;249m€[0m[3
8;5;249m [0m[38;5;249mà[
0m[38;5;249m¨[0m[38;5;24
9m²[0m[38;5;249mà[0m[38
;5;249m¨[0m[38;5;249mˆ[0
m[38;5;249m [0m[38;5;249
m'[0m[38;5;249mA[0m[38;
5;249mI[0m[38;5;249m [0m
[38;5;249mD[0m[38;5;249m
i[0m[38;5;249ms[0m[38;5
;249me[0m[38;5;249ma[0m
[38;5;249ms[0m[38;5;249me
[0m[38;5;249m [0m[38;5;
249mS[0m[38;5;249mc[0m[
38;5;249ma[0m[38;5;249mn
[0m[38;5;249mn[0m[38;5;2
49me[0m[38;5;249mr[0m[3
8;5;249m'[0m[38;5;249m [
0m[38;5;249mà[0m[38;5;24
9m¨[0m[38;5;249m¦[0m[38
;5;249mà[0m[38;5;249m©[0
m[38;5;249m€[0m[38;5;249
m [0m[38;5;249mà[0m[38;
5;249m¨[0m[38;5;249mµ[0m
[38;5;249mà[0m[38;5;249m
¨[0m[38;5;249m°[0m[38;5
;249mà[0m[38;5;249m¨[0m
[38;5;249m¤[0m[38;5;249mà
[0m[38;5;249m©[0m[38;5;
249m‹[0m[38;5;249mà[0m[
38;5;249m¨[0m[38;5;249m‚
[0m[38;5;249m [0m[38;5;2
49mà[0m[38;5;249m¨[0m[3
8;5;249m•[0m[38;5;249mà[
0m[38;5;249m¨[0m[38;5;24
9m°[0m[38;5;249mà[0m[38
;5;249m©[0m[38;5;249m‹[0
m[38;5;249mà[0m[38;5;249
m¥[0m[38;5;249m¤[0m[38;
5;249m"[0m[38;5;249m;[0m
 [38;5;240m    │[0m   ┬  
 [38;5;240m    │[0m   
╰── 
[38;5;246m─────╯[0m
[31m
    at aggregateBindingErro
rsIntoJsError (file:///C:/U
sers/kushw/Desktop/19%2020/
frontend/node_modules/rolld
own/dist/shared/error-BO4Sl
ZV_.mjs:48:18)
    at unwrapBindingResult 
(file:///C:/Users/kushw/Des
ktop/19%2020/frontend/node_
modules/rolldown/dist/share
d/error-BO4SlZV_.mjs:18:128
)
    at #build (file:///C:/U
sers/kushw/Desktop/19%2020/
frontend/node_modules/rolld
own/dist/shared/rolldown-bu
ild-yQC7KN8K.mjs:3311:34)
    at async 
buildEnvironment (file:///C
:/Users/kushw/Desktop/19%20
20/frontend/node_modules/vi
te/dist/node/chunks/node.js
:32817:64)
    at async Object.build (
file:///C:/Users/kushw/Desk
top/19%2020/frontend/node_m
odules/vite/dist/node/chunk
s/node.js:33239:19)
    at async 
Object.buildApp (file:///C:
/Users/kushw/Desktop/19%202
0/frontend/node_modules/vit
e/dist/node/chunks/node.js:
33236:153)
    at async 
CAC.<anonymous> (file:///C:
/Users/kushw/Desktop/19%202
0/frontend/node_modules/vit
e/dist/node/cli.js:778:3) {
  errors: [Getter/Setter]
}[39m
